
============================================================
TELEGRAM PUBLIC CHANNEL FORWARDER
============================================================
[INFO] تعداد کانال‌ها: 26
[INFO] مقصد فعلی: -1004464275722

============================================================
TESTING DESTINATION
============================================================
[INFO] CHAT_ID = -1004464275722
[OK] مقصد پیدا شد.
[CHAT ID] -1004464275722
[CHAT TYPE] supergroup
[CHAT TITLE] milad
============================================================

[CHECK] @akhbarfars
[FETCH] https://t.me/s/akhbarfars
[FOUND] @akhbarfars: 20 posts

[CHECK] @tg_ir
[FETCH] https://t.me/s/tg_ir
[FOUND] @tg_ir: 14 posts

[CHECK] @it_pishkhan
[FETCH] https://t.me/s/it_pishkhan
[FOUND] @it_pishkhan: 20 posts

[CHECK] @fars_today
[FETCH] https://t.me/s/fars_today
[FOUND] @fars_today: 20 posts

[CHECK] @behzistikomitenews
[FETCH] https://t.me/s/behzistikomitenews
[FOUND] @behzistikomitenews: 20 posts

[CHECK] @drtel
[FETCH] https://t.me/s/drtel
[FOUND] @drtel: 9 posts

[CHECK] @techtube
[FETCH] https://t.me/s/techtube
[FOUND] @techtube: 18 posts

[CHECK] @dafaterepishkhandpd
[FETCH] https://t.me/s/dafaterepishkhandpd
[FOUND] @dafaterepishkhandpd: 19 posts

[CHECK] @my_hame_chiz
[FETCH] https://t.me/s/my_hame_chiz
[FOUND] @my_hame_chiz: 4 posts

[CHECK] @pc_it_mob
[FETCH] https://t.me/s/pc_it_mob
[FOUND] @pc_it_mob: 17 posts

[CHECK] @amozesh_cafenet
[FETCH] https://t.me/s/amozesh_cafenet
[FOUND] @amozesh_cafenet: 19 posts

[CHECK] @sabtnamkh0dro
[FETCH] https://t.me/s/sabtnamkh0dro
[FOUND] @sabtnamkh0dro: 18 posts

[CHECK] @coffeenetmanager
[FETCH] https://t.me/s/coffeenetmanager
[FOUND] @coffeenetmanager: 18 posts

[CHECK] @roidbest
[FETCH] https://t.me/s/roidbest
[FOUND] @roidbest: 20 posts

[CHECK] @akhbar_cafenet
[FETCH] https://t.me/s/akhbar_cafenet
[FOUND] @akhbar_cafenet: 20 posts

[CHECK] @comentiat
[FETCH] https://t.me/s/comentiat
[FOUND] @comentiat: 19 posts

[CHECK] @surina_academy
[FETCH] https://t.me/s/surina_academy
[FOUND] @surina_academy: 0 posts

[CHECK] @boost/fndoni
[FETCH] https://t.me/s/boost/fndoni
[FOUND] @boost/fndoni: 5 posts

[CHECK] @majalepezeshki
[FETCH] https://t.me/s/majalepezeshki
[FOUND] @majalepezeshki: 20 posts

[CHECK] @gilin.ir
[FETCH] https://t.me/s/gilin.ir
[FOUND] @gilin.ir: 0 posts

[CHECK] @gizmiztel
[FETCH] https://t.me/s/gizmiztel
[FOUND] @gizmiztel: 19 posts

[CHECK] @dr_salamatx
[FETCH] https://t.me/s/dr_salamatx
[FOUND] @dr_salamatx: 20 posts

[CHECK] @jaleb
[FETCH] https://t.me/s/jaleb
[FOUND] @jaleb: 18 posts

[CHECK] @ajayebe_jahann
[FETCH] https://t.me/s/ajayebe_jahann
[FOUND] @ajayebe_jahann: 20 posts

[CHECK] @etelaate_omoomi
[FETCH] https://t.me/s/etelaate_omoomi
[FOUND] @etelaate_omoomi: 20 posts
[GLOBAL] new candidates=3
[WARN] ارسال مستقیم عکس: Telegram API error 400: Bad Request: failed to get HTTP URL content
[ERROR] ارسال عکس: 500 Server Error: Internal Server Error for url: https://cdn4.telesco.pe/file/rAzjRsC-yKLH7NXENKa3HqlovZj69lVPtVfhGLhHOvyb94lGzfV_GuRUEgIpZ4sJCwQxFWfZFC8Ym0GNds6RpqzKlJN_7ESBy8w5dgLc7dOXMBhQ1pp3q7Zg4WowKSlr04eQEd4DbjudB0ofMKOch1glHNH0BNV4JjpbVg9UTkLeEtYvucMzPqaQcXODD3WOYZRDCJ2ETt9tOJZlsj2hrMFpch_mij_Rlr6TjEx5H6xiKz8-DpvYREob3RQuIT15kwhQWZDtYLmzI3P_yG3oQvz7_ohWbENo6hA_z5osqeUHQNBWOxNSgyPwO2vM8RC7jIJ8qRJcZFcHVHu_uA2apg.jpg
[FAILED] @drtel post=66608
[STATE] این پست عمداً پردازش‌شده ثبت نشد تا اجرای بعدی دوباره تلاش کند.
[WARN] ارسال مستقیم ویدیو: Telegram API error 400: Bad Request: failed to get HTTP URL content
[DOWNLOAD OK] /tmp/tg_media_1789732367923.mp4
[OK] ویدیو به صورت ویدیو آپلود شد.

============================================================
[FINAL CHAT ID] -1004464275722
[DONE] اجرای برنامه تمام شد.
============================================================
